node:internal/process/promises:394
    triggerUncaughtException(err, true /* fromPromise */);
    ^

AssertionError [ERR_ASSERTION]: P03-S01-360x800 footer DOM and computed appearance must match locked P02
+ actual - expected
... Skipped lines

  {
    children: [
      {
        style: {
          alignItems: 'center',
...
    },
+   html: '<button data-route="home" data-tab="home" class="" data-motion-primitive="HistoryHubNav" aria-current="page"><svg class="hn-icon " viewBox="0 0 24 24" aria-hidden="true"><path d="M15 21v-8a1 1 0 0 0-1-1h-4a1 1 0 0 0-1 1v8"></path><path d="M3 10a2 2 0 0 1 .709-1.528l7-6a2 2 0 0 1 2.582 0l7 6A2 2 0 0 1 21 10v9a2 2 0 0 1-2 2H5a2 2 0 0 1-2-2z"></path></svg><span>Trang chủ</span></button><button data-route="documents" data-tab="documents" class=""><svg class="hn-icon " viewBox="0 0 24 24" aria-hidden="true"><rect width="8" height="4" x="8" y="2" rx="1" ry="1"></rect><path d="M16 4h2a2 2 0 0 1 2 2v14a2 2 0 0 1-2 2H6a2 2 0 0 1-2-2V6a2 2 0 0 1 2-2h2"></path><path d="M12 11h4"></path><path d="M12 16h4"></path><path d="M8 11h.01"></path><path d="M8 16h.01"></path></svg><span>Chứng từ</span></button><button data-route="lookup" data-tab="lookup" class="hn-scan-tab"><span class="hn-scan-circle"><svg class="hn-icon " viewBox="0 0 24 24" aria-hidden="true"><path d="M3 7V5a2 2 0 0 1 2-2h2"></path><path d="M17 3h2a2 2 0 0 1 2 2v2"></path><path d="M21 17v2a2 2 0 0 1-2 2h-2"></path><path d="M7 21H5a2 2 0 0 1-2-2v-2"></path><path d="M7 8h8"></path><path d="M7 12h10"></path><path d="M7 16h6"></path></svg></span><span>Quét mã</span></button><button data-route="history" data-tab="history" class=""><svg class="hn-icon " viewBox="0 0 24 24" aria-hidden="true"><path d="M3 5v5h5M3 10a9 9 0 1 1 1 8M12 7v5l3 2"></path></svg><span>Lịch sử</span></button><button data-route="profile" data-tab="profile" class=""><svg class="hn-icon " viewBox="0 0 24 24" aria-hidden="true"><path d="M19 21v-2a4 4 0 0 0-4-4H9a4 4 0 0 0-4 4v2"></path><circle cx="12" cy="7" r="4"></circle></svg><span>Cá nhân</span></button>'
-   html: '<button data-route="home" data-tab="home" class="" aria-current="page"><svg class="hn-icon " viewBox="0 0 24 24" aria-hidden="true"><path d="M15 21v-8a1 1 0 0 0-1-1h-4a1 1 0 0 0-1 1v8"></path><path d="M3 10a2 2 0 0 1 .709-1.528l7-6a2 2 0 0 1 2.582 0l7 6A2 2 0 0 1 21 10v9a2 2 0 0 1-2 2H5a2 2 0 0 1-2-2z"></path></svg><span>Trang chủ</span></button><button data-route="documents" data-tab="documents" class=""><svg class="hn-icon " viewBox="0 0 24 24" aria-hidden="true"><rect width="8" height="4" x="8" y="2" rx="1" ry="1"></rect><path d="M16 4h2a2 2 0 0 1 2 2v14a2 2 0 0 1-2 2H6a2 2 0 0 1-2-2V6a2 2 0 0 1 2-2h2"></path><path d="M12 11h4"></path><path d="M12 16h4"></path><path d="M8 11h.01"></path><path d="M8 16h.01"></path></svg><span>Chứng từ</span></button><button data-route="lookup" data-tab="lookup" class="hn-scan-tab"><span class="hn-scan-circle"><svg class="hn-icon " viewBox="0 0 24 24" aria-hidden="true"><path d="M3 7V5a2 2 0 0 1 2-2h2"></path><path d="M17 3h2a2 2 0 0 1 2 2v2"></path><path d="M21 17v2a2 2 0 0 1-2 2h-2"></path><path d="M7 21H5a2 2 0 0 1-2-2v-2"></path><path d="M7 8h8"></path><path d="M7 12h10"></path><path d="M7 16h6"></path></svg></span><span>Quét mã</span></button><button data-route="history" data-tab="history" class=""><svg class="hn-icon " viewBox="0 0 24 24" aria-hidden="true"><path d="M3 5v5h5M3 10a9 9 0 1 1 1 8M12 7v5l3 2"></path></svg><span>Lịch sử</span></button><button data-route="profile" data-tab="profile" class=""><svg class="hn-icon " viewBox="0 0 24 24" aria-hidden="true"><path d="M19 21v-2a4 4 0 0 0-4-4H9a4 4 0 0 0-4 4v2"></path><circle cx="12" cy="7" r="4"></circle></svg><span>Cá nhân</span></button>'
  }

    at capture (eval at <anonymous> (C:\Users\TAN MIE\Downloads\app_Scanner\ScannerHNApp\scripts\flow_gate_regression.cjs:53:3), <anonymous>:89:12)
    at async eval (eval at <anonymous> (C:\Users\TAN MIE\Downloads\app_Scanner\ScannerHNApp\scripts\flow_gate_regression.cjs:53:3), <anonymous>:283:29)
    at async check (eval at <anonymous> (C:\Users\TAN MIE\Downloads\app_Scanner\ScannerHNApp\scripts\flow_gate_regression.cjs:53:3), <anonymous>:54:37)
    at async eval (eval at <anonymous> (C:\Users\TAN MIE\Downloads\app_Scanner\ScannerHNApp\scripts\flow_gate_regression.cjs:53:3), <anonymous>:278:5) {
  generatedMessage: false,
  code: 'ERR_ASSERTION',
  actual: {
    html: '<button data-route="home" data-tab="home" class="" data-motion-primitive="HistoryHubNav" aria-current="page"><svg class="hn-icon " viewBox="0 0 24 24" aria-hidden="true"><path d="M15 21v-8a1 1 0 0 0-1-1h-4a1 1 0 0 0-1 1v8"></path><path d="M3 10a2 2 0 0 1 .709-1.528l7-6a2 2 0 0 1 2.582 0l7 6A2 2 0 0 1 21 10v9a2 2 0 0 1-2 2H5a2 2 0 0 1-2-2z"></path></svg><span>Trang chủ</span></button><button data-route="documents" data-tab="documents" class=""><svg class="hn-icon " viewBox="0 0 24 24" aria-hidden="true"><rect width="8" height="4" x="8" y="2" rx="1" ry="1"></rect><path d="M16 4h2a2 2 0 0 1 2 2v14a2 2 0 0 1-2 2H6a2 2 0 0 1-2-2V6a2 2 0 0 1 2-2h2"></path><path d="M12 11h4"></path><path d="M12 16h4"></path><path d="M8 11h.01"></path><path d="M8 16h.01"></path></svg><span>Chứng từ</span></button><button data-route="lookup" data-tab="lookup" class="hn-scan-tab"><span class="hn-scan-circle"><svg class="hn-icon " viewBox="0 0 24 24" aria-hidden="true"><path d="M3 7V5a2 2 0 0 1 2-2h2"></path><path d="M17 3h2a2 2 0 0 1 2 2v2"></path><path d="M21 17v2a2 2 0 0 1-2 2h-2"></path><path d="M7 21H5a2 2 0 0 1-2-2v-2"></path><path d="M7 8h8"></path><path d="M7 12h10"></path><path d="M7 16h6"></path></svg></span><span>Quét mã</span></button><button data-route="history" data-tab="history" class=""><svg class="hn-icon " viewBox="0 0 24 24" aria-hidden="true"><path d="M3 5v5h5M3 10a9 9 0 1 1 1 8M12 7v5l3 2"></path></svg><span>Lịch sử</span></button><button data-route="profile" data-tab="profile" class=""><svg class="hn-icon " viewBox="0 0 24 24" aria-hidden="true"><path d="M19 21v-2a4 4 0 0 0-4-4H9a4 4 0 0 0-4 4v2"></path><circle cx="12" cy="7" r="4"></circle></svg><span>Cá nhân</span></button>',
    container: {
      height: '75px',
      minHeight: '75px',
      padding: '8px',
      borderRadius: '23px 23px 0px 0px',
      backgroundColor: 'rgba(255, 255, 255, 0.98)',
      backgroundImage: 'none',
      color: 'rgb(8, 53, 78)',
      fontFamily: 'Arial, sans-serif',
      fontSize: '16px',
      fontWeight: '400',
      lineHeight: 'normal',
      gap: 'normal',
      alignItems: 'normal',
      justifyContent: 'normal',
      boxShadow: 'rgba(23, 72, 96, 0.02) 0px -5px 18px 0px',
      fill: 'rgb(0, 0, 0)',
      stroke: 'none',
      strokeWidth: '1px'
    },
    children: [
      {
        tag: 'BUTTON',
        style: {
          height: '59px',
          minHeight: 'auto',
          padding: '1px 6px',
          borderRadius: '12px',
          backgroundColor: 'rgb(238, 249, 251)',
          backgroundImage: 'none',
          color: 'rgb(0, 85, 119)',
          fontFamily: 'Arial, sans-serif',
          fontSize: '12px',
          fontWeight: '600',
          lineHeight: '17px',
          gap: '5px',
          alignItems: 'center',
          justifyContent: 'center',
          boxShadow: 'none',
          fill: 'rgb(0, 0, 0)',
          stroke: 'none',
          strokeWidth: '1px',
          marginTop: '0px'
        }
      },
      {
        tag: 'svg',
        style: {
          height: '25px',
          minHeight: 'auto',
          padding: '0px',
          borderRadius: '0px',
          backgroundColor: 'rgba(0, 0, 0, 0)',
          backgroundImage: 'none',
          color: 'rgb(0, 85, 119)',
          fontFamily: 'Arial, sans-serif',
          fontSize: '12px',
          fontWeight: '600',
          lineHeight: '17px',
          gap: 'normal',
          alignItems: 'normal',
          justifyContent: 'normal',
          boxShadow: 'none',
          fill: 'none',
          stroke: 'rgb(0, 85, 119)',
          strokeWidth: '2px',
          marginTop: '0px'
        }
      },
      {
        tag: 'SPAN',
        style: {
          height: '17px',
          minHeight: 'auto',
          padding: '0px',
          borderRadius: '0px',
          backgroundColor: 'rgba(0, 0, 0, 0)',
          backgroundImage: 'none',
          color: 'rgb(0, 85, 119)',
          fontFamily: 'Arial, sans-serif',
          fontSize: '12px',
          fontWeight: '600',
          lineHeight: '17px',
          gap: 'normal',
          alignItems: 'normal',
          justifyContent: 'normal',
          boxShadow: 'none',
          fill: 'rgb(0, 0, 0)',
          stroke: 'none',
          strokeWidth: '1px',
          marginTop: '0px'
        }
      },
      {
        tag: 'BUTTON',
        style: {
          height: '59px',
          minHeight: 'auto',
          padding: '1px 6px',
          borderRadius: '12px',
          backgroundColor: 'rgba(0, 0, 0, 0)',
          backgroundImage: 'none',
          color: 'rgb(104, 132, 147)',
          fontFamily: 'Arial, sans-serif',
          fontSize: '12px',
          fontWeight: '400',
          lineHeight: '17px',
          gap: '5px',
          alignItems: 'center',
          justifyContent: 'center',
          boxShadow: 'none',
          fill: 'rgb(0, 0, 0)',
          stroke: 'none',
          strokeWidth: '1px',
          marginTop: '0px'
        }
      },
      {
        tag: 'svg',
        style: {
          height: '25px',
          minHeight: 'auto',
          padding: '0px',
          borderRadius: '0px',
          backgroundColor: 'rgba(0, 0, 0, 0)',
          backgroundImage: 'none',
          color: 'rgb(104, 132, 147)',
          fontFamily: 'Arial, sans-serif',
          fontSize: '12px',
          fontWeight: '400',
          lineHeight: '17px',
          gap: 'normal',
          alignItems: 'normal',
          justifyContent: 'normal',
          boxShadow: 'none',
          fill: 'none',
          stroke: 'rgb(104, 132, 147)',
          strokeWidth: '2px',
          marginTop: '0px'
        }
      },
      {
        tag: 'SPAN',
        style: {
          height: '17px',
          minHeight: 'auto',
          padding: '0px',
          borderRadius: '0px',
          backgroundColor: 'rgba(0, 0, 0, 0)',
          backgroundImage: 'none',
          color: 'rgb(104, 132, 147)',
          fontFamily: 'Arial, sans-serif',
          fontSize: '12px',
          fontWeight: '400',
          lineHeight: '17px',
          gap: 'normal',
          alignItems: 'normal',
          justifyContent: 'normal',
          boxShadow: 'none',
          fill: 'rgb(0, 0, 0)',
          stroke: 'none',
          strokeWidth: '1px',
          marginTop: '0px'
        }
      },
      {
        tag: 'BUTTON',
        style: {
          height: '59px',
          minHeight: 'auto',
          padding: '1px 6px',
          borderRadius: '12px',
          backgroundColor: 'rgba(0, 0, 0, 0)',
          backgroundImage: 'none',
          color: 'rgb(7, 54, 80)',
          fontFamily: 'Arial, sans-serif',
          fontSize: '12px',
          fontWeight: '600',
          lineHeight: '17px',
          gap: '5px',
          alignItems: 'center',
          justifyContent: 'flex-end',
          boxShadow: 'none',
          fill: 'rgb(0, 0, 0)',
          stroke: 'none',
          strokeWidth: '1px',
          marginTop: '0px'
        }
      },
      {
        tag: 'SPAN',
        style: {
          height: '62px',
          minHeight: 'auto',
          padding: '0px',
          borderRadius: '50%',
          backgroundColor: 'rgb(0, 115, 153)',
          backgroundImage: 'none',
          color: 'rgb(255, 255, 255)',
          fontFamily: 'Arial, sans-serif',
          fontSize: '12px',
          fontWeight: '600',
          lineHeight: '17px',
          gap: 'normal',
          alignItems: 'center',
          justifyContent: 'normal',
          boxShadow: 'rgba(18, 96, 121, 0.125) 0px 2px 6px 0px',
          fill: 'rgb(0, 0, 0)',
          stroke: 'none',
          strokeWidth: '1px',
          marginTop: '-31px'
        }
      },
      {
        tag: 'svg',
        style: {
          height: '31px',
          minHeight: 'auto',
          padding: '0px',
          borderRadius: '0px',
          backgroundColor: 'rgba(0, 0, 0, 0)',
          backgroundImage: 'none',
          color: 'rgb(255, 255, 255)',
          fontFamily: 'Arial, sans-serif',
          fontSize: '12px',
          fontWeight: '600',
          lineHeight: '17px',
          gap: 'normal',
          alignItems: 'normal',
          justifyContent: 'normal',
          boxShadow: 'none',
          fill: 'none',
          stroke: 'rgb(255, 255, 255)',
          strokeWidth: '2px',
          marginTop: '0px'
        }
      },
      {
        tag: 'SPAN',
        style: {
          height: '17px',
          minHeight: 'auto',
          padding: '0px',
          borderRadius: '0px',
          backgroundColor: 'rgba(0, 0, 0, 0)',
          backgroundImage: 'none',
          color: 'rgb(7, 54, 80)',
          fontFamily: 'Arial, sans-serif',
          fontSize: '12px',
          fontWeight: '600',
          lineHeight: '17px',
          gap: 'normal',
          alignItems: 'normal',
          justifyContent: 'normal',
          boxShadow: 'none',
          fill: 'rgb(0, 0, 0)',
          stroke: 'none',
          strokeWidth: '1px',
          marginTop: '0px'
        }
      },
      {
        tag: 'BUTTON',
        style: {
          height: '59px',
          minHeight: 'auto',
          padding: '1px 6px',
          borderRadius: '12px',
          backgroundColor: 'rgba(0, 0, 0, 0)',
          backgroundImage: 'none',
          color: 'rgb(104, 132, 147)',
          fontFamily: 'Arial, sans-serif',
          fontSize: '12px',
          fontWeight: '400',
          lineHeight: '17px',
          gap: '5px',
          alignItems: 'center',
          justifyContent: 'center',
          boxShadow: 'none',
          fill: 'rgb(0, 0, 0)',
          stroke: 'none',
          strokeWidth: '1px',
          marginTop: '0px'
        }
      },
      {
        tag: 'svg',
        style: {
          height: '25px',
          minHeight: 'auto',
          padding: '0px',
          borderRadius: '0px',
          backgroundColor: 'rgba(0, 0, 0, 0)',
          backgroundImage: 'none',
          color: 'rgb(104, 132, 147)',
          fontFamily: 'Arial, sans-serif',
          fontSize: '12px',
          fontWeight: '400',
          lineHeight: '17px',
          gap: 'normal',
          alignItems: 'normal',
          justifyContent: 'normal',
          boxShadow: 'none',
          fill: 'none',
          stroke: 'rgb(104, 132, 147)',
          strokeWidth: '2px',
          marginTop: '0px'
        }
      },
      {
        tag: 'SPAN',
        style: {
          height: '17px',
          minHeight: 'auto',
          padding: '0px',
          borderRadius: '0px',
          backgroundColor: 'rgba(0, 0, 0, 0)',
          backgroundImage: 'none',
          color: 'rgb(104, 132, 147)',
          fontFamily: 'Arial, sans-serif',
          fontSize: '12px',
          fontWeight: '400',
          lineHeight: '17px',
          gap: 'normal',
          alignItems: 'normal',
          justifyContent: 'normal',
          boxShadow: 'none',
          fill: 'rgb(0, 0, 0)',
          stroke: 'none',
          strokeWidth: '1px',
          marginTop: '0px'
        }
      },
      {
        tag: 'BUTTON',
        style: {
          height: '59px',
          minHeight: 'auto',
          padding: '1px 6px',
          borderRadius: '12px',
          backgroundColor: 'rgba(0, 0, 0, 0)',
          backgroundImage: 'none',
          color: 'rgb(104, 132, 147)',
          fontFamily: 'Arial, sans-serif',
          fontSize: '12px',
          fontWeight: '400',
          lineHeight: '17px',
          gap: '5px',
          alignItems: 'center',
          justifyContent: 'center',
          boxShadow: 'none',
          fill: 'rgb(0, 0, 0)',
          stroke: 'none',
          strokeWidth: '1px',
          marginTop: '0px'
        }
      },
      {
        tag: 'svg',
        style: {
          height: '25px',
          minHeight: 'auto',
          padding: '0px',
          borderRadius: '0px',
          backgroundColor: 'rgba(0, 0, 0, 0)',
          backgroundImage: 'none',
          color: 'rgb(104, 132, 147)',
          fontFamily: 'Arial, sans-serif',
          fontSize: '12px',
          fontWeight: '400',
          lineHeight: '17px',
          gap: 'normal',
          alignItems: 'normal',
          justifyContent: 'normal',
          boxShadow: 'none',
          fill: 'none',
          stroke: 'rgb(104, 132, 147)',
          strokeWidth: '2px',
          marginTop: '0px'
        }
      },
      {
        tag: 'SPAN',
        style: {
          height: '17px',
          minHeight: 'auto',
          padding: '0px',
          borderRadius: '0px',
          backgroundColor: 'rgba(0, 0, 0, 0)',
          backgroundImage: 'none',
          color: 'rgb(104, 132, 147)',
          fontFamily: 'Arial, sans-serif',
          fontSize: '12px',
          fontWeight: '400',
          lineHeight: '17px',
          gap: 'normal',
          alignItems: 'normal',
          justifyContent: 'normal',
          boxShadow: 'none',
          fill: 'rgb(0, 0, 0)',
          stroke: 'none',
          strokeWidth: '1px',
          marginTop: '0px'
        }
      }
    ]
  },
  expected: {
    html: '<button data-route="home" data-tab="home" class="" aria-current="page"><svg class="hn-icon " viewBox="0 0 24 24" aria-hidden="true"><path d="M15 21v-8a1 1 0 0 0-1-1h-4a1 1 0 0 0-1 1v8"></path><path d="M3 10a2 2 0 0 1 .709-1.528l7-6a2 2 0 0 1 2.582 0l7 6A2 2 0 0 1 21 10v9a2 2 0 0 1-2 2H5a2 2 0 0 1-2-2z"></path></svg><span>Trang chủ</span></button><button data-route="documents" data-tab="documents" class=""><svg class="hn-icon " viewBox="0 0 24 24" aria-hidden="true"><rect width="8" height="4" x="8" y="2" rx="1" ry="1"></rect><path d="M16 4h2a2 2 0 0 1 2 2v14a2 2 0 0 1-2 2H6a2 2 0 0 1-2-2V6a2 2 0 0 1 2-2h2"></path><path d="M12 11h4"></path><path d="M12 16h4"></path><path d="M8 11h.01"></path><path d="M8 16h.01"></path></svg><span>Chứng từ</span></button><button data-route="lookup" data-tab="lookup" class="hn-scan-tab"><span class="hn-scan-circle"><svg class="hn-icon " viewBox="0 0 24 24" aria-hidden="true"><path d="M3 7V5a2 2 0 0 1 2-2h2"></path><path d="M17 3h2a2 2 0 0 1 2 2v2"></path><path d="M21 17v2a2 2 0 0 1-2 2h-2"></path><path d="M7 21H5a2 2 0 0 1-2-2v-2"></path><path d="M7 8h8"></path><path d="M7 12h10"></path><path d="M7 16h6"></path></svg></span><span>Quét mã</span></button><button data-route="history" data-tab="history" class=""><svg class="hn-icon " viewBox="0 0 24 24" aria-hidden="true"><path d="M3 5v5h5M3 10a9 9 0 1 1 1 8M12 7v5l3 2"></path></svg><span>Lịch sử</span></button><button data-route="profile" data-tab="profile" class=""><svg class="hn-icon " viewBox="0 0 24 24" aria-hidden="true"><path d="M19 21v-2a4 4 0 0 0-4-4H9a4 4 0 0 0-4 4v2"></path><circle cx="12" cy="7" r="4"></circle></svg><span>Cá nhân</span></button>',
    container: {
      height: '75px',
      minHeight: '75px',
      padding: '8px',
      borderRadius: '23px 23px 0px 0px',
      backgroundColor: 'rgba(255, 255, 255, 0.98)',
      backgroundImage: 'none',
      color: 'rgb(8, 53, 78)',
      fontFamily: 'Arial, sans-serif',
      fontSize: '16px',
      fontWeight: '400',
      lineHeight: 'normal',
      gap: 'normal',
      alignItems: 'normal',
      justifyContent: 'normal',
      boxShadow: 'rgba(23, 72, 96, 0.02) 0px -5px 18px 0px',
      fill: 'rgb(0, 0, 0)',
      stroke: 'none',
      strokeWidth: '1px'
    },
    children: [
      {
        tag: 'BUTTON',
        style: {
          height: '59px',
          minHeight: 'auto',
          padding: '1px 6px',
          borderRadius: '12px',
          backgroundColor: 'rgb(238, 249, 251)',
          backgroundImage: 'none',
          color: 'rgb(0, 85, 119)',
          fontFamily: 'Arial, sans-serif',
          fontSize: '12px',
          fontWeight: '600',
          lineHeight: '17px',
          gap: '5px',
          alignItems: 'center',
          justifyContent: 'center',
          boxShadow: 'none',
          fill: 'rgb(0, 0, 0)',
          stroke: 'none',
          strokeWidth: '1px',
          marginTop: '0px'
        }
      },
      {
        tag: 'svg',
        style: {
          height: '25px',
          minHeight: 'auto',
          padding: '0px',
          borderRadius: '0px',
          backgroundColor: 'rgba(0, 0, 0, 0)',
          backgroundImage: 'none',
          color: 'rgb(0, 85, 119)',
          fontFamily: 'Arial, sans-serif',
          fontSize: '12px',
          fontWeight: '600',
          lineHeight: '17px',
          gap: 'normal',
          alignItems: 'normal',
          justifyContent: 'normal',
          boxShadow: 'none',
          fill: 'none',
          stroke: 'rgb(0, 85, 119)',
          strokeWidth: '2px',
          marginTop: '0px'
        }
      },
      {
        tag: 'SPAN',
        style: {
          height: '17px',
          minHeight: 'auto',
          padding: '0px',
          borderRadius: '0px',
          backgroundColor: 'rgba(0, 0, 0, 0)',
          backgroundImage: 'none',
          color: 'rgb(0, 85, 119)',
          fontFamily: 'Arial, sans-serif',
          fontSize: '12px',
          fontWeight: '600',
          lineHeight: '17px',
          gap: 'normal',
          alignItems: 'normal',
          justifyContent: 'normal',
          boxShadow: 'none',
          fill: 'rgb(0, 0, 0)',
          stroke: 'none',
          strokeWidth: '1px',
          marginTop: '0px'
        }
      },
      {
        tag: 'BUTTON',
        style: {
          height: '59px',
          minHeight: 'auto',
          padding: '1px 6px',
          borderRadius: '12px',
          backgroundColor: 'rgba(0, 0, 0, 0)',
          backgroundImage: 'none',
          color: 'rgb(104, 132, 147)',
          fontFamily: 'Arial, sans-serif',
          fontSize: '12px',
          fontWeight: '400',
          lineHeight: '17px',
          gap: '5px',
          alignItems: 'center',
          justifyContent: 'center',
          boxShadow: 'none',
          fill: 'rgb(0, 0, 0)',
          stroke: 'none',
          strokeWidth: '1px',
          marginTop: '0px'
        }
      },
      {
        tag: 'svg',
        style: {
          height: '25px',
          minHeight: 'auto',
          padding: '0px',
          borderRadius: '0px',
          backgroundColor: 'rgba(0, 0, 0, 0)',
          backgroundImage: 'none',
          color: 'rgb(104, 132, 147)',
          fontFamily: 'Arial, sans-serif',
          fontSize: '12px',
          fontWeight: '400',
          lineHeight: '17px',
          gap: 'normal',
          alignItems: 'normal',
          justifyContent: 'normal',
          boxShadow: 'none',
          fill: 'none',
          stroke: 'rgb(104, 132, 147)',
          strokeWidth: '2px',
          marginTop: '0px'
        }
      },
      {
        tag: 'SPAN',
        style: {
          height: '17px',
          minHeight: 'auto',
          padding: '0px',
          borderRadius: '0px',
          backgroundColor: 'rgba(0, 0, 0, 0)',
          backgroundImage: 'none',
          color: 'rgb(104, 132, 147)',
          fontFamily: 'Arial, sans-serif',
          fontSize: '12px',
          fontWeight: '400',
          lineHeight: '17px',
          gap: 'normal',
          alignItems: 'normal',
          justifyContent: 'normal',
          boxShadow: 'none',
          fill: 'rgb(0, 0, 0)',
          stroke: 'none',
          strokeWidth: '1px',
          marginTop: '0px'
        }
      },
      {
        tag: 'BUTTON',
        style: {
          height: '59px',
          minHeight: 'auto',
          padding: '1px 6px',
          borderRadius: '12px',
          backgroundColor: 'rgba(0, 0, 0, 0)',
          backgroundImage: 'none',
          color: 'rgb(7, 54, 80)',
          fontFamily: 'Arial, sans-serif',
          fontSize: '12px',
          fontWeight: '600',
          lineHeight: '17px',
          gap: '5px',
          alignItems: 'center',
          justifyContent: 'flex-end',
          boxShadow: 'none',
          fill: 'rgb(0, 0, 0)',
          stroke: 'none',
          strokeWidth: '1px',
          marginTop: '0px'
        }
      },
      {
        tag: 'SPAN',
        style: {
          height: '62px',
          minHeight: 'auto',
          padding: '0px',
          borderRadius: '50%',
          backgroundColor: 'rgb(0, 115, 153)',
          backgroundImage: 'none',
          color: 'rgb(255, 255, 255)',
          fontFamily: 'Arial, sans-serif',
          fontSize: '12px',
          fontWeight: '600',
          lineHeight: '17px',
          gap: 'normal',
          alignItems: 'center',
          justifyContent: 'normal',
          boxShadow: 'rgba(18, 96, 121, 0.125) 0px 2px 6px 0px',
          fill: 'rgb(0, 0, 0)',
          stroke: 'none',
          strokeWidth: '1px',
          marginTop: '-31px'
        }
      },
      {
        tag: 'svg',
        style: {
          height: '31px',
          minHeight: 'auto',
          padding: '0px',
          borderRadius: '0px',
          backgroundColor: 'rgba(0, 0, 0, 0)',
          backgroundImage: 'none',
          color: 'rgb(255, 255, 255)',
          fontFamily: 'Arial, sans-serif',
          fontSize: '12px',
          fontWeight: '600',
          lineHeight: '17px',
          gap: 'normal',
          alignItems: 'normal',
          justifyContent: 'normal',
          boxShadow: 'none',
          fill: 'none',
          stroke: 'rgb(255, 255, 255)',
          strokeWidth: '2px',
          marginTop: '0px'
        }
      },
      {
        tag: 'SPAN',
        style: {
          height: '17px',
          minHeight: 'auto',
          padding: '0px',
          borderRadius: '0px',
          backgroundColor: 'rgba(0, 0, 0, 0)',
          backgroundImage: 'none',
          color: 'rgb(7, 54, 80)',
          fontFamily: 'Arial, sans-serif',
          fontSize: '12px',
          fontWeight: '600',
          lineHeight: '17px',
          gap: 'normal',
          alignItems: 'normal',
          justifyContent: 'normal',
          boxShadow: 'none',
          fill: 'rgb(0, 0, 0)',
          stroke: 'none',
          strokeWidth: '1px',
          marginTop: '0px'
        }
      },
      {
        tag: 'BUTTON',
        style: {
          height: '59px',
          minHeight: 'auto',
          padding: '1px 6px',
          borderRadius: '12px',
          backgroundColor: 'rgba(0, 0, 0, 0)',
          backgroundImage: 'none',
          color: 'rgb(104, 132, 147)',
          fontFamily: 'Arial, sans-serif',
          fontSize: '12px',
          fontWeight: '400',
          lineHeight: '17px',
          gap: '5px',
          alignItems: 'center',
          justifyContent: 'center',
          boxShadow: 'none',
          fill: 'rgb(0, 0, 0)',
          stroke: 'none',
          strokeWidth: '1px',
          marginTop: '0px'
        }
      },
      {
        tag: 'svg',
        style: {
          height: '25px',
          minHeight: 'auto',
          padding: '0px',
          borderRadius: '0px',
          backgroundColor: 'rgba(0, 0, 0, 0)',
          backgroundImage: 'none',
          color: 'rgb(104, 132, 147)',
          fontFamily: 'Arial, sans-serif',
          fontSize: '12px',
          fontWeight: '400',
          lineHeight: '17px',
          gap: 'normal',
          alignItems: 'normal',
          justifyContent: 'normal',
          boxShadow: 'none',
          fill: 'none',
          stroke: 'rgb(104, 132, 147)',
          strokeWidth: '2px',
          marginTop: '0px'
        }
      },
      {
        tag: 'SPAN',
        style: {
          height: '17px',
          minHeight: 'auto',
          padding: '0px',
          borderRadius: '0px',
          backgroundColor: 'rgba(0, 0, 0, 0)',
          backgroundImage: 'none',
          color: 'rgb(104, 132, 147)',
          fontFamily: 'Arial, sans-serif',
          fontSize: '12px',
          fontWeight: '400',
          lineHeight: '17px',
          gap: 'normal',
          alignItems: 'normal',
          justifyContent: 'normal',
          boxShadow: 'none',
          fill: 'rgb(0, 0, 0)',
          stroke: 'none',
          strokeWidth: '1px',
          marginTop: '0px'
        }
      },
      {
        tag: 'BUTTON',
        style: {
          height: '59px',
          minHeight: 'auto',
          padding: '1px 6px',
          borderRadius: '12px',
          backgroundColor: 'rgba(0, 0, 0, 0)',
          backgroundImage: 'none',
          color: 'rgb(104, 132, 147)',
          fontFamily: 'Arial, sans-serif',
          fontSize: '12px',
          fontWeight: '400',
          lineHeight: '17px',
          gap: '5px',
          alignItems: 'center',
          justifyContent: 'center',
          boxShadow: 'none',
          fill: 'rgb(0, 0, 0)',
          stroke: 'none',
          strokeWidth: '1px',
          marginTop: '0px'
        }
      },
      {
        tag: 'svg',
        style: {
          height: '25px',
          minHeight: 'auto',
          padding: '0px',
          borderRadius: '0px',
          backgroundColor: 'rgba(0, 0, 0, 0)',
          backgroundImage: 'none',
          color: 'rgb(104, 132, 147)',
          fontFamily: 'Arial, sans-serif',
          fontSize: '12px',
          fontWeight: '400',
          lineHeight: '17px',
          gap: 'normal',
          alignItems: 'normal',
          justifyContent: 'normal',
          boxShadow: 'none',
          fill: 'none',
          stroke: 'rgb(104, 132, 147)',
          strokeWidth: '2px',
          marginTop: '0px'
        }
      },
      {
        tag: 'SPAN',
        style: {
          height: '17px',
          minHeight: 'auto',
          padding: '0px',
          borderRadius: '0px',
          backgroundColor: 'rgba(0, 0, 0, 0)',
          backgroundImage: 'none',
          color: 'rgb(104, 132, 147)',
          fontFamily: 'Arial, sans-serif',
          fontSize: '12px',
          fontWeight: '400',
          lineHeight: '17px',
          gap: 'normal',
          alignItems: 'normal',
          justifyContent: 'normal',
          boxShadow: 'none',
          fill: 'rgb(0, 0, 0)',
          stroke: 'none',
          strokeWidth: '1px',
          marginTop: '0px'
        }
      }
    ]
  },
  operator: 'deepStrictEqual',
  diff: 'simple'
}

Node.js v24.19.0
