----------------------------------------
Exception occurred during processing of request from ('127.0.0.1', 49705)
Traceback (most recent call last):
  File "C:\Users\TAN MIE\AppData\Local\Programs\Python\Python312\Lib\socketserver.py", line 697, in process_request_thread
    self.finish_request(request, client_address)
  File "C:\Users\TAN MIE\AppData\Local\Programs\Python\Python312\Lib\socketserver.py", line 362, in finish_request
    self.RequestHandlerClass(request, client_address, self)
  File "C:\Users\TAN MIE\AppData\Local\Programs\Python\Python312\Lib\http\server.py", line 672, in __init__
    super().__init__(*args, **kwargs)
  File "C:\Users\TAN MIE\AppData\Local\Programs\Python\Python312\Lib\socketserver.py", line 766, in __init__
    self.handle()
  File "C:\Users\TAN MIE\AppData\Local\Programs\Python\Python312\Lib\http\server.py", line 436, in handle
    self.handle_one_request()
  File "C:\Users\TAN MIE\AppData\Local\Programs\Python\Python312\Lib\http\server.py", line 424, in handle_one_request
    method()
  File "C:\Users\TAN MIE\AppData\Local\Programs\Python\Python312\Lib\http\server.py", line 679, in do_GET
    self.copyfile(f, self.wfile)
  File "C:\Users\TAN MIE\AppData\Local\Programs\Python\Python312\Lib\http\server.py", line 878, in copyfile
    shutil.copyfileobj(source, outputfile)
  File "C:\Users\TAN MIE\AppData\Local\Programs\Python\Python312\Lib\shutil.py", line 204, in copyfileobj
    fdst_write(buf)
  File "C:\Users\TAN MIE\AppData\Local\Programs\Python\Python312\Lib\socketserver.py", line 845, in write
    self._sock.sendall(b)
ConnectionAbortedError: [WinError 10053] An established connection was aborted by the software in your host machine
----------------------------------------
----------------------------------------
Exception occurred during processing of request from ('127.0.0.1', 52457)
Traceback (most recent call last):
  File "C:\Users\TAN MIE\AppData\Local\Programs\Python\Python312\Lib\socketserver.py", line 697, in process_request_thread
    self.finish_request(request, client_address)
  File "C:\Users\TAN MIE\AppData\Local\Programs\Python\Python312\Lib\socketserver.py", line 362, in finish_request
    self.RequestHandlerClass(request, client_address, self)
  File "C:\Users\TAN MIE\AppData\Local\Programs\Python\Python312\Lib\http\server.py", line 672, in __init__
    super().__init__(*args, **kwargs)
  File "C:\Users\TAN MIE\AppData\Local\Programs\Python\Python312\Lib\socketserver.py", line 766, in __init__
    self.handle()
  File "C:\Users\TAN MIE\AppData\Local\Programs\Python\Python312\Lib\http\server.py", line 436, in handle
    self.handle_one_request()
  File "C:\Users\TAN MIE\AppData\Local\Programs\Python\Python312\Lib\http\server.py", line 424, in handle_one_request
    method()
  File "C:\Users\TAN MIE\AppData\Local\Programs\Python\Python312\Lib\http\server.py", line 679, in do_GET
    self.copyfile(f, self.wfile)
  File "C:\Users\TAN MIE\AppData\Local\Programs\Python\Python312\Lib\http\server.py", line 878, in copyfile
    shutil.copyfileobj(source, outputfile)
  File "C:\Users\TAN MIE\AppData\Local\Programs\Python\Python312\Lib\shutil.py", line 204, in copyfileobj
    fdst_write(buf)
  File "C:\Users\TAN MIE\AppData\Local\Programs\Python\Python312\Lib\socketserver.py", line 845, in write
    self._sock.sendall(b)
ConnectionAbortedError: [WinError 10053] An established connection was aborted by the software in your host machine
----------------------------------------
----------------------------------------
Exception occurred during processing of request from ('127.0.0.1', 51268)
Traceback (most recent call last):
  File "C:\Users\TAN MIE\AppData\Local\Programs\Python\Python312\Lib\socketserver.py", line 697, in process_request_thread
    self.finish_request(request, client_address)
  File "C:\Users\TAN MIE\AppData\Local\Programs\Python\Python312\Lib\socketserver.py", line 362, in finish_request
    self.RequestHandlerClass(request, client_address, self)
  File "C:\Users\TAN MIE\AppData\Local\Programs\Python\Python312\Lib\http\server.py", line 672, in __init__
    super().__init__(*args, **kwargs)
  File "C:\Users\TAN MIE\AppData\Local\Programs\Python\Python312\Lib\socketserver.py", line 766, in __init__
    self.handle()
  File "C:\Users\TAN MIE\AppData\Local\Programs\Python\Python312\Lib\http\server.py", line 436, in handle
    self.handle_one_request()
  File "C:\Users\TAN MIE\AppData\Local\Programs\Python\Python312\Lib\http\server.py", line 424, in handle_one_request
    method()
  File "C:\Users\TAN MIE\AppData\Local\Programs\Python\Python312\Lib\http\server.py", line 679, in do_GET
    self.copyfile(f, self.wfile)
  File "C:\Users\TAN MIE\AppData\Local\Programs\Python\Python312\Lib\http\server.py", line 878, in copyfile
    shutil.copyfileobj(source, outputfile)
  File "C:\Users\TAN MIE\AppData\Local\Programs\Python\Python312\Lib\shutil.py", line 204, in copyfileobj
    fdst_write(buf)
  File "C:\Users\TAN MIE\AppData\Local\Programs\Python\Python312\Lib\socketserver.py", line 845, in write
    self._sock.sendall(b)
ConnectionAbortedError: [WinError 10053] An established connection was aborted by the software in your host machine
----------------------------------------
----------------------------------------
Exception occurred during processing of request from ('127.0.0.1', 53264)
Traceback (most recent call last):
  File "C:\Users\TAN MIE\AppData\Local\Programs\Python\Python312\Lib\socketserver.py", line 697, in process_request_thread
    self.finish_request(request, client_address)
  File "C:\Users\TAN MIE\AppData\Local\Programs\Python\Python312\Lib\socketserver.py", line 362, in finish_request
    self.RequestHandlerClass(request, client_address, self)
  File "C:\Users\TAN MIE\AppData\Local\Programs\Python\Python312\Lib\http\server.py", line 672, in __init__
    super().__init__(*args, **kwargs)
  File "C:\Users\TAN MIE\AppData\Local\Programs\Python\Python312\Lib\socketserver.py", line 766, in __init__
    self.handle()
  File "C:\Users\TAN MIE\AppData\Local\Programs\Python\Python312\Lib\http\server.py", line 436, in handle
    self.handle_one_request()
  File "C:\Users\TAN MIE\AppData\Local\Programs\Python\Python312\Lib\http\server.py", line 424, in handle_one_request
    method()
  File "C:\Users\TAN MIE\AppData\Local\Programs\Python\Python312\Lib\http\server.py", line 679, in do_GET
    self.copyfile(f, self.wfile)
  File "C:\Users\TAN MIE\AppData\Local\Programs\Python\Python312\Lib\http\server.py", line 878, in copyfile
    shutil.copyfileobj(source, outputfile)
  File "C:\Users\TAN MIE\AppData\Local\Programs\Python\Python312\Lib\shutil.py", line 204, in copyfileobj
    fdst_write(buf)
  File "C:\Users\TAN MIE\AppData\Local\Programs\Python\Python312\Lib\socketserver.py", line 845, in write
    self._sock.sendall(b)
ConnectionAbortedError: [WinError 10053] An established connection was aborted by the software in your host machine
----------------------------------------
----------------------------------------
Exception occurred during processing of request from ('127.0.0.1', 63373)
Traceback (most recent call last):
  File "C:\Users\TAN MIE\AppData\Local\Programs\Python\Python312\Lib\socketserver.py", line 697, in process_request_thread
    self.finish_request(request, client_address)
  File "C:\Users\TAN MIE\AppData\Local\Programs\Python\Python312\Lib\socketserver.py", line 362, in finish_request
    self.RequestHandlerClass(request, client_address, self)
  File "C:\Users\TAN MIE\AppData\Local\Programs\Python\Python312\Lib\http\server.py", line 672, in __init__
    super().__init__(*args, **kwargs)
  File "C:\Users\TAN MIE\AppData\Local\Programs\Python\Python312\Lib\socketserver.py", line 766, in __init__
    self.handle()
  File "C:\Users\TAN MIE\AppData\Local\Programs\Python\Python312\Lib\http\server.py", line 436, in handle
    self.handle_one_request()
  File "C:\Users\TAN MIE\AppData\Local\Programs\Python\Python312\Lib\http\server.py", line 424, in handle_one_request
    method()
  File "C:\Users\TAN MIE\AppData\Local\Programs\Python\Python312\Lib\http\server.py", line 679, in do_GET
    self.copyfile(f, self.wfile)
  File "C:\Users\TAN MIE\AppData\Local\Programs\Python\Python312\Lib\http\server.py", line 878, in copyfile
    shutil.copyfileobj(source, outputfile)
  File "C:\Users\TAN MIE\AppData\Local\Programs\Python\Python312\Lib\shutil.py", line 204, in copyfileobj
    fdst_write(buf)
  File "C:\Users\TAN MIE\AppData\Local\Programs\Python\Python312\Lib\socketserver.py", line 845, in write
    self._sock.sendall(b)
ConnectionAbortedError: [WinError 10053] An established connection was aborted by the software in your host machine
----------------------------------------
----------------------------------------
Exception occurred during processing of request from ('127.0.0.1', 56618)
Traceback (most recent call last):
  File "C:\Users\TAN MIE\AppData\Local\Programs\Python\Python312\Lib\socketserver.py", line 697, in process_request_thread
    self.finish_request(request, client_address)
  File "C:\Users\TAN MIE\AppData\Local\Programs\Python\Python312\Lib\socketserver.py", line 362, in finish_request
    self.RequestHandlerClass(request, client_address, self)
  File "C:\Users\TAN MIE\AppData\Local\Programs\Python\Python312\Lib\http\server.py", line 672, in __init__
    super().__init__(*args, **kwargs)
  File "C:\Users\TAN MIE\AppData\Local\Programs\Python\Python312\Lib\socketserver.py", line 766, in __init__
    self.handle()
  File "C:\Users\TAN MIE\AppData\Local\Programs\Python\Python312\Lib\http\server.py", line 436, in handle
    self.handle_one_request()
  File "C:\Users\TAN MIE\AppData\Local\Programs\Python\Python312\Lib\http\server.py", line 424, in handle_one_request
    method()
  File "C:\Users\TAN MIE\AppData\Local\Programs\Python\Python312\Lib\http\server.py", line 679, in do_GET
    self.copyfile(f, self.wfile)
  File "C:\Users\TAN MIE\AppData\Local\Programs\Python\Python312\Lib\http\server.py", line 878, in copyfile
    shutil.copyfileobj(source, outputfile)
  File "C:\Users\TAN MIE\AppData\Local\Programs\Python\Python312\Lib\shutil.py", line 204, in copyfileobj
    fdst_write(buf)
  File "C:\Users\TAN MIE\AppData\Local\Programs\Python\Python312\Lib\socketserver.py", line 845, in write
    self._sock.sendall(b)
ConnectionAbortedError: [WinError 10053] An established connection was aborted by the software in your host machine
----------------------------------------
----------------------------------------
Exception occurred during processing of request from ('127.0.0.1', 64306)
Traceback (most recent call last):
  File "C:\Users\TAN MIE\AppData\Local\Programs\Python\Python312\Lib\socketserver.py", line 697, in process_request_thread
    self.finish_request(request, client_address)
  File "C:\Users\TAN MIE\AppData\Local\Programs\Python\Python312\Lib\socketserver.py", line 362, in finish_request
    self.RequestHandlerClass(request, client_address, self)
  File "C:\Users\TAN MIE\AppData\Local\Programs\Python\Python312\Lib\http\server.py", line 672, in __init__
    super().__init__(*args, **kwargs)
  File "C:\Users\TAN MIE\AppData\Local\Programs\Python\Python312\Lib\socketserver.py", line 766, in __init__
    self.handle()
  File "C:\Users\TAN MIE\AppData\Local\Programs\Python\Python312\Lib\http\server.py", line 436, in handle
    self.handle_one_request()
  File "C:\Users\TAN MIE\AppData\Local\Programs\Python\Python312\Lib\http\server.py", line 424, in handle_one_request
    method()
  File "C:\Users\TAN MIE\AppData\Local\Programs\Python\Python312\Lib\http\server.py", line 679, in do_GET
    self.copyfile(f, self.wfile)
  File "C:\Users\TAN MIE\AppData\Local\Programs\Python\Python312\Lib\http\server.py", line 878, in copyfile
    shutil.copyfileobj(source, outputfile)
  File "C:\Users\TAN MIE\AppData\Local\Programs\Python\Python312\Lib\shutil.py", line 204, in copyfileobj
    fdst_write(buf)
  File "C:\Users\TAN MIE\AppData\Local\Programs\Python\Python312\Lib\socketserver.py", line 845, in write
    self._sock.sendall(b)
ConnectionAbortedError: [WinError 10053] An established connection was aborted by the software in your host machine
----------------------------------------
----------------------------------------
Exception occurred during processing of request from ('127.0.0.1', 50391)
Traceback (most recent call last):
  File "C:\Users\TAN MIE\AppData\Local\Programs\Python\Python312\Lib\socketserver.py", line 697, in process_request_thread
    self.finish_request(request, client_address)
  File "C:\Users\TAN MIE\AppData\Local\Programs\Python\Python312\Lib\socketserver.py", line 362, in finish_request
    self.RequestHandlerClass(request, client_address, self)
  File "C:\Users\TAN MIE\AppData\Local\Programs\Python\Python312\Lib\http\server.py", line 672, in __init__
    super().__init__(*args, **kwargs)
  File "C:\Users\TAN MIE\AppData\Local\Programs\Python\Python312\Lib\socketserver.py", line 766, in __init__
    self.handle()
  File "C:\Users\TAN MIE\AppData\Local\Programs\Python\Python312\Lib\http\server.py", line 436, in handle
    self.handle_one_request()
  File "C:\Users\TAN MIE\AppData\Local\Programs\Python\Python312\Lib\http\server.py", line 424, in handle_one_request
    method()
  File "C:\Users\TAN MIE\AppData\Local\Programs\Python\Python312\Lib\http\server.py", line 679, in do_GET
    self.copyfile(f, self.wfile)
  File "C:\Users\TAN MIE\AppData\Local\Programs\Python\Python312\Lib\http\server.py", line 878, in copyfile
    shutil.copyfileobj(source, outputfile)
  File "C:\Users\TAN MIE\AppData\Local\Programs\Python\Python312\Lib\shutil.py", line 204, in copyfileobj
    fdst_write(buf)
  File "C:\Users\TAN MIE\AppData\Local\Programs\Python\Python312\Lib\socketserver.py", line 845, in write
    self._sock.sendall(b)
ConnectionAbortedError: [WinError 10053] An established connection was aborted by the software in your host machine
----------------------------------------
----------------------------------------
Exception occurred during processing of request from ('127.0.0.1', 57694)
Traceback (most recent call last):
  File "C:\Users\TAN MIE\AppData\Local\Programs\Python\Python312\Lib\socketserver.py", line 697, in process_request_thread
    self.finish_request(request, client_address)
  File "C:\Users\TAN MIE\AppData\Local\Programs\Python\Python312\Lib\socketserver.py", line 362, in finish_request
    self.RequestHandlerClass(request, client_address, self)
  File "C:\Users\TAN MIE\AppData\Local\Programs\Python\Python312\Lib\http\server.py", line 672, in __init__
    super().__init__(*args, **kwargs)
  File "C:\Users\TAN MIE\AppData\Local\Programs\Python\Python312\Lib\socketserver.py", line 766, in __init__
    self.handle()
  File "C:\Users\TAN MIE\AppData\Local\Programs\Python\Python312\Lib\http\server.py", line 436, in handle
    self.handle_one_request()
  File "C:\Users\TAN MIE\AppData\Local\Programs\Python\Python312\Lib\http\server.py", line 424, in handle_one_request
    method()
  File "C:\Users\TAN MIE\AppData\Local\Programs\Python\Python312\Lib\http\server.py", line 679, in do_GET
    self.copyfile(f, self.wfile)
  File "C:\Users\TAN MIE\AppData\Local\Programs\Python\Python312\Lib\http\server.py", line 878, in copyfile
    shutil.copyfileobj(source, outputfile)
  File "C:\Users\TAN MIE\AppData\Local\Programs\Python\Python312\Lib\shutil.py", line 204, in copyfileobj
    fdst_write(buf)
  File "C:\Users\TAN MIE\AppData\Local\Programs\Python\Python312\Lib\socketserver.py", line 845, in write
    self._sock.sendall(b)
ConnectionAbortedError: [WinError 10053] An established connection was aborted by the software in your host machine
----------------------------------------
----------------------------------------
Exception occurred during processing of request from ('127.0.0.1', 56498)
Traceback (most recent call last):
  File "C:\Users\TAN MIE\AppData\Local\Programs\Python\Python312\Lib\socketserver.py", line 697, in process_request_thread
    self.finish_request(request, client_address)
  File "C:\Users\TAN MIE\AppData\Local\Programs\Python\Python312\Lib\socketserver.py", line 362, in finish_request
    self.RequestHandlerClass(request, client_address, self)
  File "C:\Users\TAN MIE\AppData\Local\Programs\Python\Python312\Lib\http\server.py", line 672, in __init__
    super().__init__(*args, **kwargs)
  File "C:\Users\TAN MIE\AppData\Local\Programs\Python\Python312\Lib\socketserver.py", line 766, in __init__
    self.handle()
  File "C:\Users\TAN MIE\AppData\Local\Programs\Python\Python312\Lib\http\server.py", line 436, in handle
    self.handle_one_request()
  File "C:\Users\TAN MIE\AppData\Local\Programs\Python\Python312\Lib\http\server.py", line 424, in handle_one_request
    method()
  File "C:\Users\TAN MIE\AppData\Local\Programs\Python\Python312\Lib\http\server.py", line 679, in do_GET
    self.copyfile(f, self.wfile)
  File "C:\Users\TAN MIE\AppData\Local\Programs\Python\Python312\Lib\http\server.py", line 878, in copyfile
    shutil.copyfileobj(source, outputfile)
  File "C:\Users\TAN MIE\AppData\Local\Programs\Python\Python312\Lib\shutil.py", line 204, in copyfileobj
    fdst_write(buf)
  File "C:\Users\TAN MIE\AppData\Local\Programs\Python\Python312\Lib\socketserver.py", line 845, in write
    self._sock.sendall(b)
ConnectionAbortedError: [WinError 10053] An established connection was aborted by the software in your host machine
----------------------------------------
----------------------------------------
Exception occurred during processing of request from ('127.0.0.1', 56005)
Traceback (most recent call last):
  File "C:\Users\TAN MIE\AppData\Local\Programs\Python\Python312\Lib\socketserver.py", line 697, in process_request_thread
    self.finish_request(request, client_address)
  File "C:\Users\TAN MIE\AppData\Local\Programs\Python\Python312\Lib\socketserver.py", line 362, in finish_request
    self.RequestHandlerClass(request, client_address, self)
  File "C:\Users\TAN MIE\AppData\Local\Programs\Python\Python312\Lib\http\server.py", line 672, in __init__
    super().__init__(*args, **kwargs)
  File "C:\Users\TAN MIE\AppData\Local\Programs\Python\Python312\Lib\socketserver.py", line 766, in __init__
    self.handle()
  File "C:\Users\TAN MIE\AppData\Local\Programs\Python\Python312\Lib\http\server.py", line 436, in handle
    self.handle_one_request()
  File "C:\Users\TAN MIE\AppData\Local\Programs\Python\Python312\Lib\http\server.py", line 424, in handle_one_request
    method()
  File "C:\Users\TAN MIE\AppData\Local\Programs\Python\Python312\Lib\http\server.py", line 679, in do_GET
    self.copyfile(f, self.wfile)
  File "C:\Users\TAN MIE\AppData\Local\Programs\Python\Python312\Lib\http\server.py", line 878, in copyfile
    shutil.copyfileobj(source, outputfile)
  File "C:\Users\TAN MIE\AppData\Local\Programs\Python\Python312\Lib\shutil.py", line 204, in copyfileobj
    fdst_write(buf)
  File "C:\Users\TAN MIE\AppData\Local\Programs\Python\Python312\Lib\socketserver.py", line 845, in write
    self._sock.sendall(b)
ConnectionAbortedError: [WinError 10053] An established connection was aborted by the software in your host machine
----------------------------------------
----------------------------------------
Exception occurred during processing of request from ('127.0.0.1', 58660)
Traceback (most recent call last):
  File "C:\Users\TAN MIE\AppData\Local\Programs\Python\Python312\Lib\socketserver.py", line 697, in process_request_thread
    self.finish_request(request, client_address)
  File "C:\Users\TAN MIE\AppData\Local\Programs\Python\Python312\Lib\socketserver.py", line 362, in finish_request
    self.RequestHandlerClass(request, client_address, self)
  File "C:\Users\TAN MIE\AppData\Local\Programs\Python\Python312\Lib\http\server.py", line 672, in __init__
    super().__init__(*args, **kwargs)
  File "C:\Users\TAN MIE\AppData\Local\Programs\Python\Python312\Lib\socketserver.py", line 766, in __init__
    self.handle()
  File "C:\Users\TAN MIE\AppData\Local\Programs\Python\Python312\Lib\http\server.py", line 436, in handle
    self.handle_one_request()
  File "C:\Users\TAN MIE\AppData\Local\Programs\Python\Python312\Lib\http\server.py", line 424, in handle_one_request
    method()
  File "C:\Users\TAN MIE\AppData\Local\Programs\Python\Python312\Lib\http\server.py", line 679, in do_GET
    self.copyfile(f, self.wfile)
  File "C:\Users\TAN MIE\AppData\Local\Programs\Python\Python312\Lib\http\server.py", line 878, in copyfile
    shutil.copyfileobj(source, outputfile)
  File "C:\Users\TAN MIE\AppData\Local\Programs\Python\Python312\Lib\shutil.py", line 204, in copyfileobj
    fdst_write(buf)
  File "C:\Users\TAN MIE\AppData\Local\Programs\Python\Python312\Lib\socketserver.py", line 845, in write
    self._sock.sendall(b)
ConnectionAbortedError: [WinError 10053] An established connection was aborted by the software in your host machine
----------------------------------------
----------------------------------------
Exception occurred during processing of request from ('127.0.0.1', 56857)
Traceback (most recent call last):
  File "C:\Users\TAN MIE\AppData\Local\Programs\Python\Python312\Lib\socketserver.py", line 697, in process_request_thread
    self.finish_request(request, client_address)
  File "C:\Users\TAN MIE\AppData\Local\Programs\Python\Python312\Lib\socketserver.py", line 362, in finish_request
    self.RequestHandlerClass(request, client_address, self)
  File "C:\Users\TAN MIE\AppData\Local\Programs\Python\Python312\Lib\http\server.py", line 672, in __init__
    super().__init__(*args, **kwargs)
  File "C:\Users\TAN MIE\AppData\Local\Programs\Python\Python312\Lib\socketserver.py", line 766, in __init__
    self.handle()
  File "C:\Users\TAN MIE\AppData\Local\Programs\Python\Python312\Lib\http\server.py", line 436, in handle
    self.handle_one_request()
  File "C:\Users\TAN MIE\AppData\Local\Programs\Python\Python312\Lib\http\server.py", line 424, in handle_one_request
    method()
  File "C:\Users\TAN MIE\AppData\Local\Programs\Python\Python312\Lib\http\server.py", line 679, in do_GET
    self.copyfile(f, self.wfile)
  File "C:\Users\TAN MIE\AppData\Local\Programs\Python\Python312\Lib\http\server.py", line 878, in copyfile
    shutil.copyfileobj(source, outputfile)
  File "C:\Users\TAN MIE\AppData\Local\Programs\Python\Python312\Lib\shutil.py", line 204, in copyfileobj
    fdst_write(buf)
  File "C:\Users\TAN MIE\AppData\Local\Programs\Python\Python312\Lib\socketserver.py", line 845, in write
    self._sock.sendall(b)
ConnectionAbortedError: [WinError 10053] An established connection was aborted by the software in your host machine
----------------------------------------
----------------------------------------
Exception occurred during processing of request from ('127.0.0.1', 60120)
Traceback (most recent call last):
  File "C:\Users\TAN MIE\AppData\Local\Programs\Python\Python312\Lib\socketserver.py", line 697, in process_request_thread
    self.finish_request(request, client_address)
  File "C:\Users\TAN MIE\AppData\Local\Programs\Python\Python312\Lib\socketserver.py", line 362, in finish_request
    self.RequestHandlerClass(request, client_address, self)
  File "C:\Users\TAN MIE\AppData\Local\Programs\Python\Python312\Lib\http\server.py", line 672, in __init__
    super().__init__(*args, **kwargs)
  File "C:\Users\TAN MIE\AppData\Local\Programs\Python\Python312\Lib\socketserver.py", line 766, in __init__
    self.handle()
  File "C:\Users\TAN MIE\AppData\Local\Programs\Python\Python312\Lib\http\server.py", line 436, in handle
    self.handle_one_request()
  File "C:\Users\TAN MIE\AppData\Local\Programs\Python\Python312\Lib\http\server.py", line 424, in handle_one_request
    method()
  File "C:\Users\TAN MIE\AppData\Local\Programs\Python\Python312\Lib\http\server.py", line 679, in do_GET
    self.copyfile(f, self.wfile)
  File "C:\Users\TAN MIE\AppData\Local\Programs\Python\Python312\Lib\http\server.py", line 878, in copyfile
    shutil.copyfileobj(source, outputfile)
  File "C:\Users\TAN MIE\AppData\Local\Programs\Python\Python312\Lib\shutil.py", line 204, in copyfileobj
    fdst_write(buf)
  File "C:\Users\TAN MIE\AppData\Local\Programs\Python\Python312\Lib\socketserver.py", line 845, in write
    self._sock.sendall(b)
ConnectionAbortedError: [WinError 10053] An established connection was aborted by the software in your host machine
----------------------------------------
----------------------------------------
Exception occurred during processing of request from ('127.0.0.1', 62271)
Traceback (most recent call last):
  File "C:\Users\TAN MIE\AppData\Local\Programs\Python\Python312\Lib\socketserver.py", line 697, in process_request_thread
    self.finish_request(request, client_address)
  File "C:\Users\TAN MIE\AppData\Local\Programs\Python\Python312\Lib\socketserver.py", line 362, in finish_request
    self.RequestHandlerClass(request, client_address, self)
  File "C:\Users\TAN MIE\AppData\Local\Programs\Python\Python312\Lib\http\server.py", line 672, in __init__
    super().__init__(*args, **kwargs)
  File "C:\Users\TAN MIE\AppData\Local\Programs\Python\Python312\Lib\socketserver.py", line 766, in __init__
    self.handle()
  File "C:\Users\TAN MIE\AppData\Local\Programs\Python\Python312\Lib\http\server.py", line 436, in handle
    self.handle_one_request()
  File "C:\Users\TAN MIE\AppData\Local\Programs\Python\Python312\Lib\http\server.py", line 424, in handle_one_request
    method()
  File "C:\Users\TAN MIE\AppData\Local\Programs\Python\Python312\Lib\http\server.py", line 679, in do_GET
    self.copyfile(f, self.wfile)
  File "C:\Users\TAN MIE\AppData\Local\Programs\Python\Python312\Lib\http\server.py", line 878, in copyfile
    shutil.copyfileobj(source, outputfile)
  File "C:\Users\TAN MIE\AppData\Local\Programs\Python\Python312\Lib\shutil.py", line 204, in copyfileobj
    fdst_write(buf)
  File "C:\Users\TAN MIE\AppData\Local\Programs\Python\Python312\Lib\socketserver.py", line 845, in write
    self._sock.sendall(b)
ConnectionAbortedError: [WinError 10053] An established connection was aborted by the software in your host machine
----------------------------------------
----------------------------------------
Exception occurred during processing of request from ('127.0.0.1', 63420)
Traceback (most recent call last):
  File "C:\Users\TAN MIE\AppData\Local\Programs\Python\Python312\Lib\socketserver.py", line 697, in process_request_thread
    self.finish_request(request, client_address)
  File "C:\Users\TAN MIE\AppData\Local\Programs\Python\Python312\Lib\socketserver.py", line 362, in finish_request
    self.RequestHandlerClass(request, client_address, self)
  File "C:\Users\TAN MIE\AppData\Local\Programs\Python\Python312\Lib\http\server.py", line 672, in __init__
    super().__init__(*args, **kwargs)
  File "C:\Users\TAN MIE\AppData\Local\Programs\Python\Python312\Lib\socketserver.py", line 766, in __init__
    self.handle()
  File "C:\Users\TAN MIE\AppData\Local\Programs\Python\Python312\Lib\http\server.py", line 436, in handle
    self.handle_one_request()
  File "C:\Users\TAN MIE\AppData\Local\Programs\Python\Python312\Lib\http\server.py", line 424, in handle_one_request
    method()
  File "C:\Users\TAN MIE\AppData\Local\Programs\Python\Python312\Lib\http\server.py", line 679, in do_GET
    self.copyfile(f, self.wfile)
  File "C:\Users\TAN MIE\AppData\Local\Programs\Python\Python312\Lib\http\server.py", line 878, in copyfile
    shutil.copyfileobj(source, outputfile)
  File "C:\Users\TAN MIE\AppData\Local\Programs\Python\Python312\Lib\shutil.py", line 204, in copyfileobj
    fdst_write(buf)
  File "C:\Users\TAN MIE\AppData\Local\Programs\Python\Python312\Lib\socketserver.py", line 845, in write
    self._sock.sendall(b)
ConnectionAbortedError: [WinError 10053] An established connection was aborted by the software in your host machine
----------------------------------------
