----------------------------------------
Exception occurred during processing of request from ('127.0.0.1', 61076)
Traceback (most recent call last):
  File "C:\Users\TAN MIE\AppData\Local\Programs\Python\Python312\Lib\socketserver.py", line 697, in process_request_thread
    self.finish_request(request, client_address)
  File "C:\Users\TAN MIE\AppData\Local\Programs\Python\Python312\Lib\socketserver.py", line 362, in finish_request
    self.RequestHandlerClass(request, client_address, self)
  File "C:\Users\TAN MIE\AppData\Local\Programs\Python\Python312\Lib\http\server.py", line 672, in __init__
    super().__init__(*args, **kwargs)
  File "C:\Users\TAN MIE\AppData\Local\Programs\Python\Python312\Lib\socketserver.py", line 766, in __init__
    self.handle()
  File "C:\Users\TAN MIE\AppData\Local\Programs\Python\Python312\Lib\http\server.py", line 438, in handle
    self.handle_one_request()
  File "C:\Users\TAN MIE\AppData\Local\Programs\Python\Python312\Lib\http\server.py", line 404, in handle_one_request
    self.raw_requestline = self.rfile.readline(65537)
                           ^^^^^^^^^^^^^^^^^^^^^^^^^^
  File "C:\Users\TAN MIE\AppData\Local\Programs\Python\Python312\Lib\socket.py", line 720, in readinto
    return self._sock.recv_into(b)
           ^^^^^^^^^^^^^^^^^^^^^^^
ConnectionResetError: [WinError 10054] An existing connection was forcibly closed by the remote host
----------------------------------------
----------------------------------------
----------------------------------------
----------------------------------------
----------------------------------------
Exception occurred during processing of request from ('127.0.0.1', 49280)
Exception occurred during processing of request from ('127.0.0.1', 53568)
Exception occurred during processing of request from ('127.0.0.1', 56112)
Exception occurred during processing of request from ('127.0.0.1', 64707)
Traceback (most recent call last):
  File "C:\Users\TAN MIE\AppData\Local\Programs\Python\Python312\Lib\socketserver.py", line 697, in process_request_thread
    self.finish_request(request, client_address)
Traceback (most recent call last):
  File "C:\Users\TAN MIE\AppData\Local\Programs\Python\Python312\Lib\socketserver.py", line 362, in finish_request
    self.RequestHandlerClass(request, client_address, self)
  File "C:\Users\TAN MIE\AppData\Local\Programs\Python\Python312\Lib\socketserver.py", line 697, in process_request_thread
    self.finish_request(request, client_address)
Traceback (most recent call last):
Traceback (most recent call last):
  File "C:\Users\TAN MIE\AppData\Local\Programs\Python\Python312\Lib\http\server.py", line 672, in __init__
    super().__init__(*args, **kwargs)
  File "C:\Users\TAN MIE\AppData\Local\Programs\Python\Python312\Lib\socketserver.py", line 362, in finish_request
    self.RequestHandlerClass(request, client_address, self)
  File "C:\Users\TAN MIE\AppData\Local\Programs\Python\Python312\Lib\socketserver.py", line 697, in process_request_thread
    self.finish_request(request, client_address)
  File "C:\Users\TAN MIE\AppData\Local\Programs\Python\Python312\Lib\socketserver.py", line 697, in process_request_thread
    self.finish_request(request, client_address)
  File "C:\Users\TAN MIE\AppData\Local\Programs\Python\Python312\Lib\socketserver.py", line 766, in __init__
    self.handle()
  File "C:\Users\TAN MIE\AppData\Local\Programs\Python\Python312\Lib\http\server.py", line 438, in handle
    self.handle_one_request()
  File "C:\Users\TAN MIE\AppData\Local\Programs\Python\Python312\Lib\socketserver.py", line 362, in finish_request
    self.RequestHandlerClass(request, client_address, self)
  File "C:\Users\TAN MIE\AppData\Local\Programs\Python\Python312\Lib\socketserver.py", line 362, in finish_request
    self.RequestHandlerClass(request, client_address, self)
  File "C:\Users\TAN MIE\AppData\Local\Programs\Python\Python312\Lib\http\server.py", line 672, in __init__
    super().__init__(*args, **kwargs)
  File "C:\Users\TAN MIE\AppData\Local\Programs\Python\Python312\Lib\http\server.py", line 404, in handle_one_request
    self.raw_requestline = self.rfile.readline(65537)
                           ^^^^^^^^^^^^^^^^^^^^^^^^^^
  File "C:\Users\TAN MIE\AppData\Local\Programs\Python\Python312\Lib\http\server.py", line 672, in __init__
    super().__init__(*args, **kwargs)
  File "C:\Users\TAN MIE\AppData\Local\Programs\Python\Python312\Lib\socketserver.py", line 766, in __init__
    self.handle()
  File "C:\Users\TAN MIE\AppData\Local\Programs\Python\Python312\Lib\http\server.py", line 438, in handle
    self.handle_one_request()
  File "C:\Users\TAN MIE\AppData\Local\Programs\Python\Python312\Lib\socketserver.py", line 766, in __init__
    self.handle()
  File "C:\Users\TAN MIE\AppData\Local\Programs\Python\Python312\Lib\socket.py", line 720, in readinto
    return self._sock.recv_into(b)
           ^^^^^^^^^^^^^^^^^^^^^^^
  File "C:\Users\TAN MIE\AppData\Local\Programs\Python\Python312\Lib\http\server.py", line 672, in __init__
    super().__init__(*args, **kwargs)
  File "C:\Users\TAN MIE\AppData\Local\Programs\Python\Python312\Lib\socketserver.py", line 766, in __init__
    self.handle()
ConnectionResetError: [WinError 10054] An existing connection was forcibly closed by the remote host
  File "C:\Users\TAN MIE\AppData\Local\Programs\Python\Python312\Lib\http\server.py", line 438, in handle
    self.handle_one_request()
  File "C:\Users\TAN MIE\AppData\Local\Programs\Python\Python312\Lib\http\server.py", line 438, in handle
    self.handle_one_request()
  File "C:\Users\TAN MIE\AppData\Local\Programs\Python\Python312\Lib\http\server.py", line 404, in handle_one_request
    self.raw_requestline = self.rfile.readline(65537)
                           ^^^^^^^^^^^^^^^^^^^^^^^^^^
----------------------------------------
  File "C:\Users\TAN MIE\AppData\Local\Programs\Python\Python312\Lib\http\server.py", line 404, in handle_one_request
    self.raw_requestline = self.rfile.readline(65537)
                           ^^^^^^^^^^^^^^^^^^^^^^^^^^
  File "C:\Users\TAN MIE\AppData\Local\Programs\Python\Python312\Lib\http\server.py", line 404, in handle_one_request
    self.raw_requestline = self.rfile.readline(65537)
                           ^^^^^^^^^^^^^^^^^^^^^^^^^^
  File "C:\Users\TAN MIE\AppData\Local\Programs\Python\Python312\Lib\socket.py", line 720, in readinto
    return self._sock.recv_into(b)
           ^^^^^^^^^^^^^^^^^^^^^^^
  File "C:\Users\TAN MIE\AppData\Local\Programs\Python\Python312\Lib\socket.py", line 720, in readinto
    return self._sock.recv_into(b)
           ^^^^^^^^^^^^^^^^^^^^^^^
ConnectionResetError: [WinError 10054] An existing connection was forcibly closed by the remote host
ConnectionResetError: [WinError 10054] An existing connection was forcibly closed by the remote host
----------------------------------------
----------------------------------------
  File "C:\Users\TAN MIE\AppData\Local\Programs\Python\Python312\Lib\socket.py", line 720, in readinto
    return self._sock.recv_into(b)
           ^^^^^^^^^^^^^^^^^^^^^^^
ConnectionResetError: [WinError 10054] An existing connection was forcibly closed by the remote host
----------------------------------------
----------------------------------------
Exception occurred during processing of request from ('127.0.0.1', 59053)
Traceback (most recent call last):
  File "C:\Users\TAN MIE\AppData\Local\Programs\Python\Python312\Lib\socketserver.py", line 697, in process_request_thread
    self.finish_request(request, client_address)
  File "C:\Users\TAN MIE\AppData\Local\Programs\Python\Python312\Lib\socketserver.py", line 362, in finish_request
    self.RequestHandlerClass(request, client_address, self)
  File "C:\Users\TAN MIE\AppData\Local\Programs\Python\Python312\Lib\http\server.py", line 672, in __init__
    super().__init__(*args, **kwargs)
  File "C:\Users\TAN MIE\AppData\Local\Programs\Python\Python312\Lib\socketserver.py", line 766, in __init__
    self.handle()
  File "C:\Users\TAN MIE\AppData\Local\Programs\Python\Python312\Lib\http\server.py", line 438, in handle
    self.handle_one_request()
  File "C:\Users\TAN MIE\AppData\Local\Programs\Python\Python312\Lib\http\server.py", line 404, in handle_one_request
    self.raw_requestline = self.rfile.readline(65537)
                           ^^^^^^^^^^^^^^^^^^^^^^^^^^
  File "C:\Users\TAN MIE\AppData\Local\Programs\Python\Python312\Lib\socket.py", line 720, in readinto
    return self._sock.recv_into(b)
           ^^^^^^^^^^^^^^^^^^^^^^^
ConnectionResetError: [WinError 10054] An existing connection was forcibly closed by the remote host
----------------------------------------
127.0.0.1 - - [29/Sep/2026 16:31:42] code 404, message File not found
127.0.0.1 - - [29/Sep/2026 16:31:42] "GET /assets/scanner-approved/01_backgrounds/bg_shelf_detail_4k_enhanced.jpg HTTP/1.1" 404 -
----------------------------------------
Exception occurred during processing of request from ('127.0.0.1', 51318)
Traceback (most recent call last):
  File "C:\Users\TAN MIE\AppData\Local\Programs\Python\Python312\Lib\socketserver.py", line 697, in process_request_thread
    self.finish_request(request, client_address)
  File "C:\Users\TAN MIE\AppData\Local\Programs\Python\Python312\Lib\socketserver.py", line 362, in finish_request
    self.RequestHandlerClass(request, client_address, self)
  File "C:\Users\TAN MIE\AppData\Local\Programs\Python\Python312\Lib\http\server.py", line 672, in __init__
    super().__init__(*args, **kwargs)
  File "C:\Users\TAN MIE\AppData\Local\Programs\Python\Python312\Lib\socketserver.py", line 766, in __init__
    self.handle()
  File "C:\Users\TAN MIE\AppData\Local\Programs\Python\Python312\Lib\http\server.py", line 438, in handle
    self.handle_one_request()
  File "C:\Users\TAN MIE\AppData\Local\Programs\Python\Python312\Lib\http\server.py", line 424, in handle_one_request
    method()
  File "C:\Users\TAN MIE\AppData\Local\Programs\Python\Python312\Lib\http\server.py", line 679, in do_GET
    self.copyfile(f, self.wfile)
  File "C:\Users\TAN MIE\AppData\Local\Programs\Python\Python312\Lib\http\server.py", line 878, in copyfile
    shutil.copyfileobj(source, outputfile)
  File "C:\Users\TAN MIE\AppData\Local\Programs\Python\Python312\Lib\shutil.py", line 204, in copyfileobj
    fdst_write(buf)
  File "C:\Users\TAN MIE\AppData\Local\Programs\Python\Python312\Lib\socketserver.py", line 845, in write
    self._sock.sendall(b)
ConnectionAbortedError: [WinError 10053] An established connection was aborted by the software in your host machine
----------------------------------------
----------------------------------------
Exception occurred during processing of request from ('127.0.0.1', 61696)
Traceback (most recent call last):
  File "C:\Users\TAN MIE\AppData\Local\Programs\Python\Python312\Lib\socketserver.py", line 697, in process_request_thread
    self.finish_request(request, client_address)
  File "C:\Users\TAN MIE\AppData\Local\Programs\Python\Python312\Lib\socketserver.py", line 362, in finish_request
    self.RequestHandlerClass(request, client_address, self)
  File "C:\Users\TAN MIE\AppData\Local\Programs\Python\Python312\Lib\http\server.py", line 672, in __init__
    super().__init__(*args, **kwargs)
  File "C:\Users\TAN MIE\AppData\Local\Programs\Python\Python312\Lib\socketserver.py", line 766, in __init__
    self.handle()
  File "C:\Users\TAN MIE\AppData\Local\Programs\Python\Python312\Lib\http\server.py", line 438, in handle
    self.handle_one_request()
  File "C:\Users\TAN MIE\AppData\Local\Programs\Python\Python312\Lib\http\server.py", line 404, in handle_one_request
    self.raw_requestline = self.rfile.readline(65537)
                           ^^^^^^^^^^^^^^^^^^^^^^^^^^
  File "C:\Users\TAN MIE\AppData\Local\Programs\Python\Python312\Lib\socket.py", line 720, in readinto
    return self._sock.recv_into(b)
           ^^^^^^^^^^^^^^^^^^^^^^^
ConnectionResetError: [WinError 10054] An existing connection was forcibly closed by the remote host
----------------------------------------
----------------------------------------
Exception occurred during processing of request from ('127.0.0.1', 60883)
Traceback (most recent call last):
  File "C:\Users\TAN MIE\AppData\Local\Programs\Python\Python312\Lib\socketserver.py", line 697, in process_request_thread
    self.finish_request(request, client_address)
  File "C:\Users\TAN MIE\AppData\Local\Programs\Python\Python312\Lib\socketserver.py", line 362, in finish_request
    self.RequestHandlerClass(request, client_address, self)
  File "C:\Users\TAN MIE\AppData\Local\Programs\Python\Python312\Lib\http\server.py", line 672, in __init__
    super().__init__(*args, **kwargs)
  File "C:\Users\TAN MIE\AppData\Local\Programs\Python\Python312\Lib\socketserver.py", line 766, in __init__
    self.handle()
  File "C:\Users\TAN MIE\AppData\Local\Programs\Python\Python312\Lib\http\server.py", line 438, in handle
    self.handle_one_request()
  File "C:\Users\TAN MIE\AppData\Local\Programs\Python\Python312\Lib\http\server.py", line 404, in handle_one_request
    self.raw_requestline = self.rfile.readline(65537)
                           ^^^^^^^^^^^^^^^^^^^^^^^^^^
  File "C:\Users\TAN MIE\AppData\Local\Programs\Python\Python312\Lib\socket.py", line 720, in readinto
    return self._sock.recv_into(b)
           ^^^^^^^^^^^^^^^^^^^^^^^
ConnectionResetError: [WinError 10054] An existing connection was forcibly closed by the remote host
----------------------------------------
----------------------------------------
----------------------------------------
Exception occurred during processing of request from ('127.0.0.1', 61405)
Exception occurred during processing of request from ('127.0.0.1', 52397)
----------------------------------------
Traceback (most recent call last):
Exception occurred during processing of request from ('127.0.0.1', 55943)
  File "C:\Users\TAN MIE\AppData\Local\Programs\Python\Python312\Lib\socketserver.py", line 697, in process_request_thread
    self.finish_request(request, client_address)
  File "C:\Users\TAN MIE\AppData\Local\Programs\Python\Python312\Lib\socketserver.py", line 362, in finish_request
    self.RequestHandlerClass(request, client_address, self)
  File "C:\Users\TAN MIE\AppData\Local\Programs\Python\Python312\Lib\http\server.py", line 672, in __init__
    super().__init__(*args, **kwargs)
Traceback (most recent call last):
Traceback (most recent call last):
----------------------------------------
  File "C:\Users\TAN MIE\AppData\Local\Programs\Python\Python312\Lib\socketserver.py", line 766, in __init__
    self.handle()
  File "C:\Users\TAN MIE\AppData\Local\Programs\Python\Python312\Lib\socketserver.py", line 697, in process_request_thread
    self.finish_request(request, client_address)
  File "C:\Users\TAN MIE\AppData\Local\Programs\Python\Python312\Lib\socketserver.py", line 697, in process_request_thread
    self.finish_request(request, client_address)
Exception occurred during processing of request from ('127.0.0.1', 60573)
  File "C:\Users\TAN MIE\AppData\Local\Programs\Python\Python312\Lib\http\server.py", line 438, in handle
    self.handle_one_request()
  File "C:\Users\TAN MIE\AppData\Local\Programs\Python\Python312\Lib\socketserver.py", line 362, in finish_request
    self.RequestHandlerClass(request, client_address, self)
  File "C:\Users\TAN MIE\AppData\Local\Programs\Python\Python312\Lib\http\server.py", line 404, in handle_one_request
    self.raw_requestline = self.rfile.readline(65537)
                           ^^^^^^^^^^^^^^^^^^^^^^^^^^
  File "C:\Users\TAN MIE\AppData\Local\Programs\Python\Python312\Lib\http\server.py", line 672, in __init__
    super().__init__(*args, **kwargs)
  File "C:\Users\TAN MIE\AppData\Local\Programs\Python\Python312\Lib\socket.py", line 720, in readinto
    return self._sock.recv_into(b)
           ^^^^^^^^^^^^^^^^^^^^^^^
  File "C:\Users\TAN MIE\AppData\Local\Programs\Python\Python312\Lib\socketserver.py", line 362, in finish_request
    self.RequestHandlerClass(request, client_address, self)
Traceback (most recent call last):
  File "C:\Users\TAN MIE\AppData\Local\Programs\Python\Python312\Lib\socketserver.py", line 766, in __init__
    self.handle()
  File "C:\Users\TAN MIE\AppData\Local\Programs\Python\Python312\Lib\http\server.py", line 438, in handle
    self.handle_one_request()
  File "C:\Users\TAN MIE\AppData\Local\Programs\Python\Python312\Lib\http\server.py", line 404, in handle_one_request
    self.raw_requestline = self.rfile.readline(65537)
                           ^^^^^^^^^^^^^^^^^^^^^^^^^^
  File "C:\Users\TAN MIE\AppData\Local\Programs\Python\Python312\Lib\socket.py", line 720, in readinto
    return self._sock.recv_into(b)
           ^^^^^^^^^^^^^^^^^^^^^^^
ConnectionResetError: [WinError 10054] An existing connection was forcibly closed by the remote host
----------------------------------------
  File "C:\Users\TAN MIE\AppData\Local\Programs\Python\Python312\Lib\http\server.py", line 672, in __init__
    super().__init__(*args, **kwargs)
ConnectionResetError: [WinError 10054] An existing connection was forcibly closed by the remote host
  File "C:\Users\TAN MIE\AppData\Local\Programs\Python\Python312\Lib\socketserver.py", line 697, in process_request_thread
    self.finish_request(request, client_address)
  File "C:\Users\TAN MIE\AppData\Local\Programs\Python\Python312\Lib\socketserver.py", line 766, in __init__
    self.handle()
  File "C:\Users\TAN MIE\AppData\Local\Programs\Python\Python312\Lib\socketserver.py", line 362, in finish_request
    self.RequestHandlerClass(request, client_address, self)
  File "C:\Users\TAN MIE\AppData\Local\Programs\Python\Python312\Lib\http\server.py", line 438, in handle
    self.handle_one_request()
  File "C:\Users\TAN MIE\AppData\Local\Programs\Python\Python312\Lib\http\server.py", line 672, in __init__
    super().__init__(*args, **kwargs)
  File "C:\Users\TAN MIE\AppData\Local\Programs\Python\Python312\Lib\http\server.py", line 404, in handle_one_request
    self.raw_requestline = self.rfile.readline(65537)
                           ^^^^^^^^^^^^^^^^^^^^^^^^^^
  File "C:\Users\TAN MIE\AppData\Local\Programs\Python\Python312\Lib\socketserver.py", line 766, in __init__
    self.handle()
  File "C:\Users\TAN MIE\AppData\Local\Programs\Python\Python312\Lib\socket.py", line 720, in readinto
    return self._sock.recv_into(b)
           ^^^^^^^^^^^^^^^^^^^^^^^
  File "C:\Users\TAN MIE\AppData\Local\Programs\Python\Python312\Lib\http\server.py", line 438, in handle
    self.handle_one_request()
ConnectionResetError: [WinError 10054] An existing connection was forcibly closed by the remote host
  File "C:\Users\TAN MIE\AppData\Local\Programs\Python\Python312\Lib\http\server.py", line 404, in handle_one_request
    self.raw_requestline = self.rfile.readline(65537)
                           ^^^^^^^^^^^^^^^^^^^^^^^^^^
----------------------------------------
  File "C:\Users\TAN MIE\AppData\Local\Programs\Python\Python312\Lib\socket.py", line 720, in readinto
    return self._sock.recv_into(b)
           ^^^^^^^^^^^^^^^^^^^^^^^
----------------------------------------
ConnectionResetError: [WinError 10054] An existing connection was forcibly closed by the remote host
----------------------------------------
