PASS confirmed success Home button → Xuất kho creates clean next run
PASS confirmed success nav Home → Quét mã → Xuất kho creates clean next run
PASS confirmed success result Quét mã → cancel retains result; choose Xuất kho starts next run
node:internal/process/promises:394
    triggerUncaughtException(err, true /* fromPromise */);
    ^

locator.click: Timeout 30000ms exceeded.
Call log:
[2m  - waiting for locator('[data-p05="send"]').first()[22m
[2m    - locator resolved to <button type="button" data-p05="send" class="p05-button p05-primary">Gửi phiếu lên Web</button>[22m
[2m  - attempting click action[22m
[2m    2 × waiting for element to be visible, enabled and stable[22m
[2m      - element is visible, enabled and stable[22m
[2m      - scrolling into view if needed[22m
[2m      - done scrolling[22m
[2m      - <div class="app-modal-host">…</div> intercepts pointer events[22m
[2m    - retrying click action[22m
[2m    - waiting 20ms[22m
[2m    2 × waiting for element to be visible, enabled and stable[22m
[2m      - element is visible, enabled and stable[22m
[2m      - scrolling into view if needed[22m
[2m      - done scrolling[22m
[2m      - <div class="app-modal-host">…</div> intercepts pointer events[22m
[2m    - retrying click action[22m
[2m      - waiting 100ms[22m
[2m    57 × waiting for element to be visible, enabled and stable[22m
[2m       - element is visible, enabled and stable[22m
[2m       - scrolling into view if needed[22m
[2m       - done scrolling[22m
[2m       - <div class="app-modal-host">…</div> intercepts pointer events[22m
[2m     - retrying click action[22m
[2m       - waiting 500ms[22m

    at eval (<anonymous>:21:281)
    at async check (<anonymous>:10:32)
    at async eval (<anonymous>:21:2) {
  log: [
    `  - waiting for locator('[data-p05="send"]').first()`,
    '    - locator resolved to <button type="button" data-p05="send" class="p05-button p05-primary">Gửi phiếu lên Web</button>',
    '  - attempting click action',
    '    2 × waiting for element to be visible, enabled and stable',
    '      - element is visible, enabled and stable',
    '      - scrolling into view if needed',
    '      - done scrolling',
    '      - <div class="app-modal-host">…</div> intercepts pointer events',
    '    - retrying click action',
    '    - waiting 20ms',
    '    2 × waiting for element to be visible, enabled and stable',
    '      - element is visible, enabled and stable',
    '      - scrolling into view if needed',
    '      - done scrolling',
    '      - <div class="app-modal-host">…</div> intercepts pointer events',
    '    - retrying click action',
    '      - waiting 100ms',
    '    57 × waiting for element to be visible, enabled and stable',
    '       - element is visible, enabled and stable',
    '       - scrolling into view if needed',
    '       - done scrolling',
    '       - <div class="app-modal-host">…</div> intercepts pointer events',
    '     - retrying click action',
    '       - waiting 500ms'
  ],
  name: 'TimeoutError'
}

Node.js v24.19.0
